// Jest Snapshot v1, https://goo.gl/fbAQLP

exports[`<App /> renders correctly 1`] = `
<div>
  <h1>
    1: Hello Talkdesk!
  </h1>
  <button
    onClick={[Function]}
  >
    Toggle Sidebar
  </button>
</div>
`;
